[    0.000000] Linux version 4.15.0-106-generic (buildd@lcy01-amd64-016) (gcc version 7.5.0 (Ubuntu 7.5.0-3ubuntu1~18.04)) #107-Ubuntu SMP Thu Jun 4 11:27:52 UTC 2020 (Ubuntu 4.15.0-106.107-generic 4.15.18)
[    0.000000] Command line: BOOT_IMAGE=/boot/vmlinuz-4.15.0-106-generic root=LABEL=cloudimg-rootfs ro console=tty1 console=ttyS0
[    0.000000] KERNEL supported cpus:
[    0.000000]   Intel GenuineIntel
[    0.000000]   AMD AuthenticAMD
[    0.000000]   Centaur CentaurHauls
[    0.000000] x86/fpu: Supporting XSAVE feature 0x001: 'x87 floating point registers'
[    0.000000] x86/fpu: Supporting XSAVE feature 0x002: 'SSE registers'
[    0.000000] x86/fpu: Supporting XSAVE feature 0x004: 'AVX registers'
[    0.000000] x86/fpu: xstate_offset[2]:  576, xstate_sizes[2]:  256
[    0.000000] x86/fpu: Enabled xstate features 0x7, context size is 832 bytes, using 'standard' format.
[    0.000000] e820: BIOS-provided physical RAM map:
[    0.000000] BIOS-e820: [mem 0x0000000000000000-0x000000000009fbff] usable
[    0.000000] BIOS-e820: [mem 0x000000000009fc00-0x000000000009ffff] reserved
[    0.000000] BIOS-e820: [mem 0x00000000000f0000-0x00000000000fffff] reserved
[    0.000000] BIOS-e820: [mem 0x0000000000100000-0x00000000dffeffff] usable
[    0.000000] BIOS-e820: [mem 0x00000000dfff0000-0x00000000dfffffff] ACPI data
[    0.000000] BIOS-e820: [mem 0x00000000fec00000-0x00000000fec00fff] reserved
[    0.000000] BIOS-e820: [mem 0x00000000fee00000-0x00000000fee00fff] reserved
[    0.000000] BIOS-e820: [mem 0x00000000fffc0000-0x00000000ffffffff] reserved
[    0.000000] BIOS-e820: [mem 0x0000000100000000-0x000000011fffffff] usable
[    0.000000] NX (Execute Disable) protection: active
[    0.000000] SMBIOS 2.5 present.
[    0.000000] DMI: innotek GmbH VirtualBox/VirtualBox, BIOS VirtualBox 12/01/2006
[    0.000000] Hypervisor detected: KVM
[    0.000000] e820: last_pfn = 0x120000 max_arch_pfn = 0x400000000
[    0.000000] MTRR: Disabled
[    0.000000] x86/PAT: MTRRs disabled, skipping PAT initialization too.
[    0.000000] CPU MTRRs all blank - virtualized system.
[    0.000000] x86/PAT: Configuration [0-7]: WB  WT  UC- UC  WB  WT  UC- UC  
[    0.000000] e820: last_pfn = 0xdfff0 max_arch_pfn = 0x400000000
[    0.000000] found SMP MP-table at [mem 0x0009fff0-0x0009ffff]
[    0.000000] Scanning 1 areas for low memory corruption
[    0.000000] RAMDISK: [mem 0x35a6b000-0x36d2cfff]
[    0.000000] ACPI: Early table checksum verification disabled
[    0.000000] ACPI: RSDP 0x00000000000E0000 000024 (v02 VBOX  )
[    0.000000] ACPI: XSDT 0x00000000DFFF0030 00003C (v01 VBOX   VBOXXSDT 00000001 ASL  00000061)
[    0.000000] ACPI: FACP 0x00000000DFFF00F0 0000F4 (v04 VBOX   VBOXFACP 00000001 ASL  00000061)
[    0.000000] ACPI: DSDT 0x00000000DFFF0470 002325 (v02 VBOX   VBOXBIOS 00000002 INTL 20100528)
[    0.000000] ACPI: FACS 0x00000000DFFF0200 000040
[    0.000000] ACPI: FACS 0x00000000DFFF0200 000040
[    0.000000] ACPI: APIC 0x00000000DFFF0240 00005C (v02 VBOX   VBOXAPIC 00000001 ASL  00000061)
[    0.000000] ACPI: SSDT 0x00000000DFFF02A0 0001CC (v01 VBOX   VBOXCPUT 00000002 INTL 20100528)
[    0.000000] No NUMA configuration found
[    0.000000] Faking a node at [mem 0x0000000000000000-0x000000011fffffff]
[    0.000000] NODE_DATA(0) allocated [mem 0x11ffd1000-0x11fffbfff]
[    0.000000] kvm-clock: cpu 0, msr 1:1ff50001, primary cpu clock
[    0.000000] kvm-clock: Using msrs 4b564d01 and 4b564d00
[    0.000000] kvm-clock: using sched offset of 3203635604 cycles
[    0.000000] clocksource: kvm-clock: mask: 0xffffffffffffffff max_cycles: 0x1cd42e4dffb, max_idle_ns: 881590591483 ns
[    0.000000] Zone ranges:
[    0.000000]   DMA      [mem 0x0000000000001000-0x0000000000ffffff]
[    0.000000]   DMA32    [mem 0x0000000001000000-0x00000000ffffffff]
[    0.000000]   Normal   [mem 0x0000000100000000-0x000000011fffffff]
[    0.000000]   Device   empty
[    0.000000] Movable zone start for each node
[    0.000000] Early memory node ranges
[    0.000000]   node   0: [mem 0x0000000000001000-0x000000000009efff]
[    0.000000]   node   0: [mem 0x0000000000100000-0x00000000dffeffff]
[    0.000000]   node   0: [mem 0x0000000100000000-0x000000011fffffff]
[    0.000000] Reserved but unavailable: 98 pages
[    0.000000] Initmem setup node 0 [mem 0x0000000000001000-0x000000011fffffff]
[    0.000000] ACPI: PM-Timer IO Port: 0x4008
[    0.000000] IOAPIC[0]: apic_id 2, version 32, address 0xfec00000, GSI 0-23
[    0.000000] ACPI: INT_SRC_OVR (bus 0 bus_irq 0 global_irq 2 dfl dfl)
[    0.000000] ACPI: INT_SRC_OVR (bus 0 bus_irq 9 global_irq 9 low level)
[    0.000000] Using ACPI (MADT) for SMP configuration information
[    0.000000] smpboot: Allowing 2 CPUs, 0 hotplug CPUs
[    0.000000] PM: Registered nosave memory: [mem 0x00000000-0x00000fff]
[    0.000000] PM: Registered nosave memory: [mem 0x0009f000-0x0009ffff]
[    0.000000] PM: Registered nosave memory: [mem 0x000a0000-0x000effff]
[    0.000000] PM: Registered nosave memory: [mem 0x000f0000-0x000fffff]
[    0.000000] PM: Registered nosave memory: [mem 0xdfff0000-0xdfffffff]
[    0.000000] PM: Registered nosave memory: [mem 0xe0000000-0xfebfffff]
[    0.000000] PM: Registered nosave memory: [mem 0xfec00000-0xfec00fff]
[    0.000000] PM: Registered nosave memory: [mem 0xfec01000-0xfedfffff]
[    0.000000] PM: Registered nosave memory: [mem 0xfee00000-0xfee00fff]
[    0.000000] PM: Registered nosave memory: [mem 0xfee01000-0xfffbffff]
[    0.000000] PM: Registered nosave memory: [mem 0xfffc0000-0xffffffff]
[    0.000000] e820: [mem 0xe0000000-0xfebfffff] available for PCI devices
[    0.000000] Booting paravirtualized kernel on KVM
[    0.000000] clocksource: refined-jiffies: mask: 0xffffffff max_cycles: 0xffffffff, max_idle_ns: 7645519600211568 ns
[    0.000000] random: get_random_bytes called from start_kernel+0x99/0x4fd with crng_init=0
[    0.000000] setup_percpu: NR_CPUS:8192 nr_cpumask_bits:2 nr_cpu_ids:2 nr_node_ids:1
[    0.000000] percpu: Embedded 45 pages/cpu s147456 r8192 d28672 u1048576
[    0.000000] PV qspinlock hash table entries: 256 (order: 0, 4096 bytes)
[    0.000000] Built 1 zonelists, mobility grouping on.  Total pages: 1032057
[    0.000000] Policy zone: Normal
[    0.000000] Kernel command line: BOOT_IMAGE=/boot/vmlinuz-4.15.0-106-generic root=LABEL=cloudimg-rootfs ro console=tty1 console=ttyS0
[    0.000000] Memory: 4013652K/4193848K available (12300K kernel code, 2481K rwdata, 4272K rodata, 2436K init, 2720K bss, 180196K reserved, 0K cma-reserved)
[    0.000000] SLUB: HWalign=64, Order=0-3, MinObjects=0, CPUs=2, Nodes=1
[    0.000000] Kernel/User page tables isolation: enabled
[    0.000000] ftrace: allocating 39378 entries in 154 pages
[    0.004000] Hierarchical RCU implementation.
[    0.004000] 	RCU restricting CPUs from NR_CPUS=8192 to nr_cpu_ids=2.
[    0.004000] 	Tasks RCU enabled.
[    0.004000] RCU: Adjusting geometry for rcu_fanout_leaf=16, nr_cpu_ids=2
[    0.004000] NR_IRQS: 524544, nr_irqs: 440, preallocated irqs: 16
[    0.004000] Console: colour VGA+ 80x25
[    0.004000] console [tty1] enabled
[    0.004000] console [ttyS0] enabled
[    0.004000] ACPI: Core revision 20170831
[    0.004000] ACPI: 2 ACPI AML tables successfully acquired and loaded
[    0.004000] APIC: Switch to symmetric I/O mode setup
[    0.004000] x2apic enabled
[    0.004000] Switched APIC routing to physical x2apic.
[    0.004000] ..TIMER: vector=0x30 apic1=0 pin1=2 apic2=-1 pin2=-1
[    0.004000] tsc: Detected 3911.970 MHz processor
[    0.004000] Calibrating delay loop (skipped) preset value.. 7823.94 BogoMIPS (lpj=15647880)
[    0.004004] pid_max: default: 32768 minimum: 301
[    0.004490] Security Framework initialized
[    0.004912] Yama: becoming mindful.
[    0.005291] AppArmor: AppArmor initialized
[    0.007254] Dentry cache hash table entries: 524288 (order: 10, 4194304 bytes)
[    0.008429] Inode-cache hash table entries: 262144 (order: 9, 2097152 bytes)
[    0.009119] Mount-cache hash table entries: 8192 (order: 4, 65536 bytes)
[    0.009776] Mountpoint-cache hash table entries: 8192 (order: 4, 65536 bytes)
[    0.010653] Last level iTLB entries: 4KB 64, 2MB 8, 4MB 8
[    0.011192] Last level dTLB entries: 4KB 64, 2MB 0, 4MB 0, 1GB 4
[    0.011782] Spectre V1 : Mitigation: usercopy/swapgs barriers and __user pointer sanitization
[    0.012001] Spectre V2 : Mitigation: Full generic retpoline
[    0.012555] Spectre V2 : Spectre v2 / SpectreRSB mitigation: Filling RSB on context switch
[    0.013378] Speculative Store Bypass: Vulnerable
[    0.013879] SRBDS: Unknown: Dependent on hypervisor status
[    0.014420] MDS: Mitigation: Clear CPU buffers
[    0.014993] Freeing SMP alternatives memory: 36K
[    0.125536] smpboot: CPU0: Intel(R) Xeon(R) CPU E3-1280 v6 @ 3.90GHz (family: 0x6, model: 0x9e, stepping: 0x9)
[    0.126616] Performance Events: unsupported p6 CPU model 158 no PMU driver, software events only.
[    0.127520] Hierarchical SRCU implementation.
[    0.128000] NMI watchdog: Perf event create on CPU 0 failed with -2
[    0.128000] NMI watchdog: Perf NMI watchdog permanently disabled
[    0.128029] smp: Bringing up secondary CPUs ...
[    0.128920] x86: Booting SMP configuration:
[    0.129359] .... node  #0, CPUs:      #1
[    0.004000] kvm-clock: cpu 1, msr 1:1ff50041, secondary cpu clock
[    0.132014] smp: Brought up 1 node, 2 CPUs
[    0.132431] smpboot: Max logical packages: 1
[    0.132868] smpboot: Total of 2 processors activated (15647.88 BogoMIPS)
[    0.133659] devtmpfs: initialized
[    0.133659] x86/mm: Memory block size: 128MB
[    0.133659] evm: security.selinux
[    0.136003] evm: security.SMACK64
[    0.136362] evm: security.SMACK64EXEC
[    0.136750] evm: security.SMACK64TRANSMUTE
[    0.137207] evm: security.SMACK64MMAP
[    0.137596] evm: security.apparmor
[    0.137962] evm: security.ima
[    0.138290] evm: security.capability
[    0.138691] clocksource: jiffies: mask: 0xffffffff max_cycles: 0xffffffff, max_idle_ns: 7645041785100000 ns
[    0.140005] futex hash table entries: 512 (order: 3, 32768 bytes)
[    0.140639] pinctrl core: initialized pinctrl subsystem
[    0.141241] RTC time: 15:42:29, date: 07/07/20
[    0.141812] NET: Registered protocol family 16
[    0.142318] audit: initializing netlink subsys (disabled)
[    0.142873] audit: type=2000 audit(1594136554.659:1): state=initialized audit_enabled=0 res=1
[    0.142873] cpuidle: using governor ladder
[    0.144007] cpuidle: using governor menu
[    0.144506] ACPI: bus type PCI registered
[    0.144971] acpiphp: ACPI Hot Plug PCI Controller Driver version: 0.5
[    0.145670] PCI: Using configuration type 1 for base access
[    0.146259] HugeTLB registered 2.00 MiB page size, pre-allocated 0 pages
[    0.148049] ACPI: Added _OSI(Module Device)
[    0.148508] ACPI: Added _OSI(Processor Device)
[    0.149038] ACPI: Added _OSI(3.0 _SCP Extensions)
[    0.149519] ACPI: Added _OSI(Processor Aggregator Device)
[    0.150060] ACPI: Added _OSI(Linux-Dell-Video)
[    0.150516] ACPI: Added _OSI(Linux-Lenovo-NV-HDMI-Audio)
[    0.151050] ACPI: Added _OSI(Linux-HPI-Hybrid-Graphics)
[    0.152199] ACPI: Executed 1 blocks of module-level executable AML code
[    0.155037] ACPI: Interpreter enabled
[    0.155442] ACPI: (supports S0 S5)
[    0.155810] ACPI: Using IOAPIC for interrupt routing
[    0.156153] PCI: Using host bridge windows from ACPI; if necessary, use "pci=nocrs" and report a bug
[    0.157204] ACPI: Enabled 2 GPEs in block 00 to 07
[    0.161863] ACPI: PCI Root Bridge [PCI0] (domain 0000 [bus 00-ff])
[    0.162482] acpi PNP0A03:00: _OSC: OS supports [ASPM ClockPM Segments MSI]
[    0.163473] acpi PNP0A03:00: _OSC: not requesting OS control; OS requires [ExtendedConfig ASPM ClockPM MSI]
[    0.164008] acpi PNP0A03:00: fail to add MMCONFIG information, can't access extended PCI configuration space under this bridge.
[    0.165828] PCI host bridge to bus 0000:00
[    0.166258] pci_bus 0000:00: root bus resource [io  0x0000-0x0cf7 window]
[    0.166923] pci_bus 0000:00: root bus resource [io  0x0d00-0xffff window]
[    0.167598] pci_bus 0000:00: root bus resource [mem 0x000a0000-0x000bffff window]
[    0.168001] pci_bus 0000:00: root bus resource [mem 0xe0000000-0xfdffffff window]
[    0.168795] pci_bus 0000:00: root bus resource [bus 00-ff]
[    0.170490] pci 0000:00:01.1: legacy IDE quirk: reg 0x10: [io  0x01f0-0x01f7]
[    0.171213] pci 0000:00:01.1: legacy IDE quirk: reg 0x14: [io  0x03f6]
[    0.172001] pci 0000:00:01.1: legacy IDE quirk: reg 0x18: [io  0x0170-0x0177]
[    0.172701] pci 0000:00:01.1: legacy IDE quirk: reg 0x1c: [io  0x0376]
[    0.216770] pci 0000:00:07.0: quirk: [io  0x4000-0x403f] claimed by PIIX4 ACPI
[    0.217587] pci 0000:00:07.0: quirk: [io  0x4100-0x410f] claimed by PIIX4 SMB
[    0.244005] ACPI: PCI Interrupt Link [LNKA] (IRQs 5 9 10 *11)
[    0.244886] ACPI: PCI Interrupt Link [LNKB] (IRQs 5 9 *10 11)
[    0.245545] ACPI: PCI Interrupt Link [LNKC] (IRQs 5 *9 10 11)
[    0.246196] ACPI: PCI Interrupt Link [LNKD] (IRQs 5 9 10 *11)
[    0.247053] SCSI subsystem initialized
[    0.247494] pci 0000:00:02.0: vgaarb: setting as boot VGA device
[    0.247494] pci 0000:00:02.0: vgaarb: VGA device added: decodes=io+mem,owns=io+mem,locks=none
[    0.248006] pci 0000:00:02.0: vgaarb: bridge control possible
[    0.248585] vgaarb: loaded
[    0.248914] ACPI: bus type USB registered
[    0.249351] usbcore: registered new interface driver usbfs
[    0.249912] usbcore: registered new interface driver hub
[    0.250464] usbcore: registered new device driver usb
[    0.252041] EDAC MC: Ver: 3.0.0
[    0.252504] PCI: Using ACPI for IRQ routing
[    0.252646] NetLabel: Initializing
[    0.253023] NetLabel:  domain hash size = 128
[    0.253475] NetLabel:  protocols = UNLABELED CIPSOv4 CALIPSO
[    0.254054] NetLabel:  unlabeled traffic allowed by default
[    0.254626] clocksource: Switched to clocksource kvm-clock
[    0.260380] VFS: Disk quotas dquot_6.6.0
[    0.260867] VFS: Dquot-cache hash table entries: 512 (order 0, 4096 bytes)
[    0.261721] AppArmor: AppArmor Filesystem Enabled
[    0.262236] pnp: PnP ACPI init
[    0.263227] pnp: PnP ACPI: found 3 devices
[    0.270621] clocksource: acpi_pm: mask: 0xffffff max_cycles: 0xffffff, max_idle_ns: 2085701024 ns
[    0.271579] NET: Registered protocol family 2
[    0.272173] TCP established hash table entries: 32768 (order: 6, 262144 bytes)
[    0.272993] TCP bind hash table entries: 32768 (order: 7, 524288 bytes)
[    0.273714] TCP: Hash tables configured (established 32768 bind 32768)
[    0.274386] UDP hash table entries: 2048 (order: 4, 65536 bytes)
[    0.275005] UDP-Lite hash table entries: 2048 (order: 4, 65536 bytes)
[    0.275675] NET: Registered protocol family 1
[    0.276151] pci 0000:00:00.0: Limiting direct PCI/PCI transfers
[    0.276763] pci 0000:00:01.0: Activating ISA DMA hang workarounds
[    0.277440] pci 0000:00:02.0: Video device with shadowed ROM at [mem 0x000c0000-0x000dffff]
[    0.278350] Unpacking initramfs...
[    0.480472] Freeing initrd memory: 19208K
[    0.481015] PCI-DMA: Using software bounce buffering for IO (SWIOTLB)
[    0.481655] software IO TLB: mapped [mem 0xdbff0000-0xdfff0000] (64MB)
[    0.482340] clocksource: tsc: mask: 0xffffffffffffffff max_cycles: 0x70c70c80a40, max_idle_ns: 881591103400 ns
[    0.483364] platform rtc_cmos: registered platform RTC device (no PNP device found)
[    0.484178] Scanning for low memory corruption every 60 seconds
[    0.485203] Initialise system trusted keyrings
[    0.485677] Key type blacklist registered
[    0.486147] workingset: timestamp_bits=36 max_order=20 bucket_order=0
[    0.487781] zbud: loaded
[    0.488464] squashfs: version 4.0 (2009/01/31) Phillip Lougher
[    0.489190] fuse init (API version 7.26)
[    0.490914] Key type asymmetric registered
[    0.491378] Asymmetric key parser 'x509' registered
[    0.491891] Block layer SCSI generic (bsg) driver version 0.4 loaded (major 246)
[    0.492702] io scheduler noop registered
[    0.493120] io scheduler deadline registered
[    0.493599] io scheduler cfq registered (default)
[    0.494326] ACPI: AC Adapter [AC] (on-line)
[    0.494807] input: Power Button as /devices/LNXSYSTM:00/LNXPWRBN:00/input/input0
[    0.495627] ACPI: Power Button [PWRF]
[    0.496072] input: Sleep Button as /devices/LNXSYSTM:00/LNXSLPBN:00/input/input1
[    0.496820] ACPI: Sleep Button [SLPF]
[    0.497478] Serial: 8250/16550 driver, 32 ports, IRQ sharing enabled
[    0.518511] 00:02: ttyS0 at I/O 0x3f8 (irq = 4, base_baud = 115200) is a 16550A
[    0.520929] Linux agpgart interface v0.103
[    0.522611] loop: module loaded
[    0.523284] scsi host0: ata_piix
[    0.523734] scsi host1: ata_piix
[    0.524121] ata1: PATA max UDMA/33 cmd 0x1f0 ctl 0x3f6 bmdma 0xd000 irq 14
[    0.524795] ata2: PATA max UDMA/33 cmd 0x170 ctl 0x376 bmdma 0xd008 irq 15
[    0.525512] libphy: Fixed MDIO Bus: probed
[    0.525945] tun: Universal TUN/TAP device driver, 1.6
[    0.526611] PPP generic driver version 2.4.2
[    0.527132] ehci_hcd: USB 2.0 'Enhanced' Host Controller (EHCI) Driver
[    0.527776] ehci-pci: EHCI PCI platform driver
[    0.528296] ehci-platform: EHCI generic platform driver
[    0.528832] ohci_hcd: USB 1.1 'Open' Host Controller (OHCI) Driver
[    0.529453] ohci-pci: OHCI PCI platform driver
[    0.529918] ohci-platform: OHCI generic platform driver
[    0.530453] uhci_hcd: USB Universal Host Controller Interface driver
[    0.531112] i8042: PNP: PS/2 Controller [PNP0303:PS2K,PNP0f03:PS2M] at 0x60,0x64 irq 1,12
[    0.532288] serio: i8042 KBD port at 0x60,0x64 irq 1
[    0.532812] serio: i8042 AUX port at 0x60,0x64 irq 12
[    0.533453] mousedev: PS/2 mouse device common for all mice
[    0.534421] rtc_cmos rtc_cmos: rtc core: registered rtc_cmos as rtc0
[    0.535099] input: AT Translated Set 2 keyboard as /devices/platform/i8042/serio0/input/input2
[    0.535991] rtc_cmos rtc_cmos: alarms up to one day, 114 bytes nvram
[    0.536731] i2c /dev entries driver
[    0.537141] device-mapper: uevent: version 1.0.3
[    0.537686] device-mapper: ioctl: 4.37.0-ioctl (2017-09-20) initialised: dm-devel@redhat.com
[    0.538599] ledtrig-cpu: registered to indicate activity on CPUs
[    0.539470] NET: Registered protocol family 10
[    0.542391] Segment Routing with IPv6
[    0.542797] NET: Registered protocol family 17
[    0.543292] Key type dns_resolver registered
[    0.543875] mce: Using 0 MCE banks
[    0.544298] RAS: Correctable Errors collector initialized.
[    0.544878] sched_clock: Marking stable (544283622, 0)->(683074579, -138790957)
[    0.545997] registered taskstats version 1
[    0.546433] Loading compiled-in X.509 certificates
[    0.548470] Loaded X.509 cert 'Build time autogenerated kernel key: b1772ce3e036cbf6bf2b7e9ed9be0f8806d61091'
[    0.549458] zswap: loaded using pool lzo/zbud
[    0.551951] Key type big_key registered
[    0.552380] Key type trusted registered
[    0.553798] Key type encrypted registered
[    0.554225] AppArmor: AppArmor sha1 policy hashing enabled
[    0.554809] ima: No TPM chip found, activating TPM-bypass! (rc=-19)
[    0.555431] ima: Allocated hash algorithm: sha1
[    0.555932] evm: HMAC attrs: 0x1
[    0.556455]   Magic number: 12:805:739
[    0.556952] rtc_cmos rtc_cmos: setting system clock to 2020-07-07 15:42:29 UTC (1594136549)
[    0.557872] BIOS EDD facility v0.16 2004-Jun-25, 0 devices found
[    0.558476] EDD information not available.
[    0.718275] Freeing unused kernel image memory: 2436K
[    0.724110] Write protecting the kernel read-only data: 20480k
[    0.726609] Freeing unused kernel image memory: 2008K
[    0.728523] Freeing unused kernel image memory: 1872K
[    0.740241] x86/mm: Checked W+X mappings: passed, no W+X pages found.
[    0.741413] x86/mm: Checking user space page tables
[    0.749222] x86/mm: Checked W+X mappings: passed, no W+X pages found.
Loading, please wait...
starting version 237
[    0.797581] e1000: Intel(R) PRO/1000 Network Driver - version 7.3.21-k8-NAPI
[    0.798422] e1000: Copyright (c) 1999-2006 Intel Corporation.
[    0.804051] Fusion MPT base driver 3.04.20
[    0.804538] Copyright (c) 1999-2008 LSI Corporation
[    0.808295] Fusion MPT SPI Host driver 3.04.20
[    0.813867] AVX2 version of gcm_enc/dec engaged.
[    0.814361] AES CTR mode by8 optimization enabled
[    1.009003] input: ImExPS/2 Generic Explorer Mouse as /devices/platform/i8042/serio1/input/input4
[    1.258422] e1000 0000:00:03.0 eth0: (PCI:33MHz:32-bit) 02:08:97:ad:f6:aa
[    1.259157] e1000 0000:00:03.0 eth0: Intel(R) PRO/1000 Network Connection
[    1.260461] mptbase: ioc0: Initiating bringup
[    1.356166] ioc0: LSI53C1030 A0: Capabilities={Initiator}
[    1.600662] scsi host2: ioc0: LSI53C1030 A0, FwRev=00000000h, Ports=1, MaxQ=256, IRQ=20
[    1.769003] scsi 2:0:0:0: Direct-Access     VBOX     HARDDISK         1.0  PQ: 0 ANSI: 5
[    1.800152] scsi target2:0:0: Beginning Domain Validation
[    1.832309] scsi target2:0:0: Domain Validation skipping write tests
[    1.834784] scsi target2:0:0: Ending Domain Validation
[    1.836502] scsi target2:0:0: asynchronous
[    1.837464] scsi 2:0:1:0: Direct-Access     VBOX     HARDDISK         1.0  PQ: 0 ANSI: 5
[    2.106327] scsi target2:0:1: Beginning Domain Validation
[    2.107955] random: fast init done
[    2.108424] scsi target2:0:1: Domain Validation skipping write tests
[    2.109253] scsi target2:0:1: Ending Domain Validation
[    2.109938] scsi target2:0:1: asynchronous
[    2.112391] random: systemd-udevd: uninitialized urandom read (16 bytes read)
[    2.113299] random: systemd-udevd: uninitialized urandom read (16 bytes read)
[    2.114191] random: systemd-udevd: uninitialized urandom read (16 bytes read)
[    2.115662] sd 2:0:0:0: Attached scsi generic sg0 type 0
[    2.115771] sd 2:0:0:0: [sda] 20971520 512-byte logical blocks: (10.7 GB/10.0 GiB)
[    2.117298] sd 2:0:0:0: [sda] Write Protect is off
[    2.117961] sd 2:0:1:0: Attached scsi generic sg1 type 0
[    2.118080] sd 2:0:0:0: [sda] Incomplete mode parameter data
[    2.119251] sd 2:0:0:0: [sda] Assuming drive cache: write through
[    2.120059] sd 2:0:1:0: [sdb] 20480 512-byte logical blocks: (10.5 MB/10.0 MiB)
[    2.120974] sd 2:0:1:0: [sdb] Write Protect is off
[    2.121460]  sda: sda1
[    2.121913] sd 2:0:1:0: [sdb] Incomplete mode parameter data
[    2.122216] sd 2:0:0:0: [sda] Attached SCSI disk
[    2.122535] sd 2:0:1:0: [sdb] Assuming drive cache: write through
[    2.127363] sd 2:0:1:0: [sdb] Attached SCSI disk
[    2.239648] e1000 0000:00:08.0 eth1: (PCI:33MHz:32-bit) 08:00:27:b3:4e:21
[    2.240395] e1000 0000:00:08.0 eth1: Intel(R) PRO/1000 Network Connection
[    2.241785] e1000 0000:00:08.0 enp0s8: renamed from eth1
[    2.286072] e1000 0000:00:03.0 enp0s3: renamed from eth0
Begin: Loading essential drivers ... [    3.632053] raid6: sse2x1   gen() 14433 MB/s
[    3.680042] raid6: sse2x1   xor() 10372 MB/s
[    3.728043] raid6: sse2x2   gen() 17592 MB/s
[    3.776041] raid6: sse2x2   xor() 11600 MB/s
[    3.824049] raid6: sse2x4   gen() 20007 MB/s
[    3.872042] raid6: sse2x4   xor() 12378 MB/s
[    3.920042] raid6: avx2x1   gen() 28549 MB/s
[    3.968041] raid6: avx2x1   xor() 20040 MB/s
[    4.016041] raid6: avx2x2   gen() 33756 MB/s
[    4.064047] raid6: avx2x2   xor() 21565 MB/s
[    4.112042] raid6: avx2x4   gen() 39952 MB/s
[    4.160046] raid6: avx2x4   xor() 24483 MB/s
[    4.160508] raid6: using algorithm avx2x4 gen() 39952 MB/s
[    4.161063] raid6: .... xor() 24483 MB/s, rmw enabled
[    4.161579] raid6: using avx2x2 recovery algorithm
[    4.163063] xor: automatically using best checksumming function   avx       
[    4.164708] async_tx: api initialized (async)
done.
Begin: Running /scripts/init-premount ... done.
Begin: Mounting root file system ... Begin: Running /scripts/local-top ... done.
Begin: Running /scripts/local-premount ... [    4.202311] Btrfs loaded, crc32c=crc32c-intel
Scanning for Btrfs filesystems
done.
Warning: fsck not present, so skipping root file system
[    4.227979] EXT4-fs (sda1): mounted filesystem with ordered data mode. Opts: (null)
done.
Begin: Running /scripts/local-bottom ... done.
Begin: Running /scripts/init-bottom ... done.
[    4.499666] ip_tables: (C) 2000-2006 Netfilter Core Team
[    4.521000] systemd[1]: systemd 237 running in system mode. (+PAM +AUDIT +SELINUX +IMA +APPARMOR +SMACK +SYSVINIT +UTMP +LIBCRYPTSETUP +GCRYPT +GNUTLS +ACL +XZ +LZ4 +SECCOMP +BLKID +ELFUTILS +KMOD -IDN2 +IDN -PCRE2 default-hierarchy=hybrid)
[    4.528809] systemd[1]: Detected virtualization oracle.
[    4.530340] systemd[1]: Detected architecture x86-64.

Welcome to [1mUbuntu 18.04.4 LTS[0m!

[    4.538871] systemd[1]: Set hostname to <ubuntu>.
[    4.543317] systemd[1]: Initializing machine ID from random generator.
[    4.544398] systemd[1]: Installed transient /etc/machine-id file.
[    4.998386] systemd[1]: Set up automount Arbitrary Executable File Formats File System Automount Point.
[[0;32m  OK  [0m] Set up automount Arbitrary Executabâ€¦rmats File System Automount Point.
[    5.005060] systemd[1]: Reached target System Time Synchronized.
[[0;32m  OK  [0m] Reached target System Time Synchronized.
[    5.011645] systemd[1]: Created slice User and Session Slice.
[[0;32m  OK  [0m] Created slice User and Session Slice.
[    5.014562] systemd[1]: Created slice System Slice.
[[0;32m  OK  [0m] Created slice System Slice.
[[0;32m  OK  [0m] Listening on udev Kernel Socket.
[[0;32m  OK  [0m] Listening on /dev/initctl Compatibility Named Pipe.
[[0;32m  OK  [0m] Listening on Device-mapper event daemon FIFOs.
[[0;32m  OK  [0m] Created slice system-serial\x2dgetty.slice.
[[0;32m  OK  [0m] Listening on Journal Socket (/dev/log).
[[0;32m  OK  [0m] Listening on udev Control Socket.
[[0;32m  OK  [0m] Listening on LVM2 poll daemon socket.
[[0;32m  OK  [0m] Reached target Slices.
[[0;32m  OK  [0m] Listening on Syslog Socket.
[[0;32m  OK  [0m] Listening on Network Service Netlink Socket.
[[0;32m  OK  [0m] Listening on Journal Socket.
         Mounting Kernel Debug File System...
         Starting Load Kernel Modules...
         Starting Set the console keyboard layout...
         Starting Uncomplicated firewall...
         Starting Remount Root and Kernel File Systems...
         Starting Create list of required stâ€¦ce nodes for the current kernel...
         Mounting POSIX Message Queue File System...
         Starting udev Coldplug all Devices...
         Mounting Huge Pages File System...
[[0;32m  OK  [0m] Started Forward Password Requests to Wall Directory Watch.
[[0;32m  OK  [0m] Listening on LVM2 metadata daemon socket.
         Starting Monitoring of LVM2 mirrorsâ€¦ng dmeventd or progress polling...
[[0;32m  OK  [0m] Listening on Journal Audit Socket.
         Starting Journal Service...
[[0;32m  OK  [0m] Reached target Swap.
[[0;32m  OK  [0m] Reached target User and Group Name Lookups.
[[0;32m  OK  [0m] Mounted Kernel Debug File System.
[[0;32m  OK  [0m] Mounted POSIX Message Queue File System.
[[0;32m  OK  [0m] Mounted Huge Pages File System.
[    5.051738] Loading iSCSI transport class v2.0-870.
[    5.057109] iscsi: registered transport (tcp)
[    5.072299] iscsi: registered transport (iser)
[[0;32m  OK  [0m] Started Load Kernel Modules.
         Mounting Kernel Configuration File System...
         Mounting FUSE Control File System...
         Starting Apply Kernel Variables...
[[0;32m  OK  [0m] Mounted Kernel Configuration File System.
[[0;32m  OK  [0m] Mounted FUSE Control File System.
[[0;32m  OK  [0m] Started Uncomplicated firewall.
[[0;32m  OK  [0m] Started Create list of required staâ€¦vice nodes for the current kernel.
         Starting Create Static Device Nodes in /dev...
[[0;32m  OK  [0m] Started udev Coldplug all Devices.
[[0;32m  OK  [0m] Started LVM2 metadata daemon.
[[0;32m  OK  [0m] Started Journal Service.
[[0;32m  OK  [0m] Started Remount Root and Kernel File Systems.
         Starting Load/Save Random Seed...
         Starting Flush Journal to Persistent Storage...
[[0;32m  OK  [0m] Started Apply Kernel Variables.
[[0;32m  OK  [0m] Started Create Static Device Nodes in /dev.
         Starting udev Kernel Device Manager...
[[0;32m  OK  [0m] Started Load/Save Random Seed.
[[0;32m  OK  [0m] Started Monitoring of LVM2 mirrors,â€¦sing dmeventd or progress polling.
[[0;32m  OK  [0m] Started udev Kernel Device Manager.
[[0;32m  OK  [0m] Started Set the console keyboard layout.
[[0;32m  OK  [0m] Reached target Local File Systems (Pre).
[[0;32m  OK  [0m] Reached target Local File Systems.
         Starting AppArmor initialization...
         Starting Commit a transient machine-id on disk...
         Starting Tell Plymouth To Write Out Runtime Data...
         Starting Set console font and keymap...
         Starting ebtables ruleset management...
[[0;32m  OK  [0m] Started Dispatch Password Requests to Console Directory Watch.
[[0;32m  OK  [0m] Reached target Local Encrypted Volumes.
[[0;32m  OK  [0m] Started Flush Journal to Persistent Storage.
         Starting Create Volatile Files and Directories...
[[0;32m  OK  [0m] Started Tell Plymouth To Write Out Runtime Data.
[[0;32m  OK  [0m] Started Set console font and keymap.
[[0;32m  OK  [0m] Started Create Volatile Files and Directories.
         Starting Update UTMP about System Boot/Shutdown...
[[0;32m  OK  [0m] Started Update UTMP about System Boot/Shutdown.
[[0;32m  OK  [0m] Started Commit a transient machine-id on disk.
[[0;32m  OK  [0m] Found device /dev/ttyS0.
[[0;32m  OK  [0m] Started ebtables ruleset management.
[[0;32m  OK  [0m] Listening on Load/Save RF Kill Switch Status /dev/rfkill Watch.
[[0;32m  OK  [0m] Started AppArmor initialization.
         Starting Initial cloud-init job (pre-networking)...
[    7.054509] cloud-init[550]: Cloud-init v. 19.4-33-gbb4131a2-0ubuntu1~18.04.1 running 'init-local' at Tue, 07 Jul 2020 15:42:35 +0000. Up 6.78 seconds.
[[0;32m  OK  [0m] Started Initial cloud-init job (pre-networking).
[[0;32m  OK  [0m] Reached target Network (Pre).
         Starting Network Service...
[[0;32m  OK  [0m] Started Network Service.
         Starting Wait for Network to be Configured...
         Starting Network Name Resolution...
[[0;32m  OK  [0m] Started Network Name Resolution.
[[0;32m  OK  [0m] Reached target Host and Network Name Lookups.
[[0;32m  OK  [0m] Reached target Network.
[[0;32m  OK  [0m] Started Wait for Network to be Configured.
         Starting Initial cloud-init job (metadata service crawler)...
[    9.242883] cloud-init[665]: Cloud-init v. 19.4-33-gbb4131a2-0ubuntu1~18.04.1 running 'init' at Tue, 07 Jul 2020 15:42:38 +0000. Up 9.14 seconds.
[    9.244013] cloud-init[665]: ci-info: ++++++++++++++++++++++++++++++++++++++Net device info++++++++++++++++++++++++++++++++++++++
[    9.245055] cloud-init[665]: ci-info: +--------+-------+---------------------------+---------------+--------+-------------------+
[    9.246074] cloud-init[665]: ci-info: | Device |   Up  |          Address          |      Mask     | Scope  |     Hw-Address    |
[    9.247067] cloud-init[665]: ci-info: +--------+-------+---------------------------+---------------+--------+-------------------+
[    9.248141] cloud-init[665]: ci-info: | enp0s3 |  True |         10.0.2.15         | 255.255.255.0 | global | 02:08:97:ad:f6:aa |
[    9.249175] cloud-init[665]: ci-info: | enp0s3 |  True | fe80::8:97ff:fead:f6aa/64 |       .       |  link  | 02:08:97:ad:f6:aa |
[    9.250161] cloud-init[665]: ci-info: | enp0s8 | False |             .             |       .       |   .    | 08:00:27:b3:4e:21 |
[    9.251227] cloud-init[665]: ci-info: |   lo   |  True |         127.0.0.1         |   255.0.0.0   |  host  |         .         |
[    9.252261] cloud-init[665]: ci-info: |   lo   |  True |          ::1/128          |       .       |  host  |         .         |
[    9.253273] cloud-init[665]: ci-info: +--------+-------+---------------------------+---------------+--------+-------------------+
[    9.254263] cloud-init[665]: ci-info: ++++++++++++++++++++++++++++Route IPv4 info+++++++++++++++++++++++++++++
[    9.255135] cloud-init[665]: ci-info: +-------+-------------+----------+-----------------+-----------+-------+
[    9.256024] cloud-init[665]: ci-info: | Route | Destination | Gateway  |     Genmask     | Interface | Flags |
[    9.256921] cloud-init[665]: ci-info: +-------+-------------+----------+-----------------+-----------+-------+
[    9.257802] cloud-init[665]: ci-info: |   0   |   0.0.0.0   | 10.0.2.2 |     0.0.0.0     |   enp0s3  |   UG  |
[    9.258708] cloud-init[665]: ci-info: |   1   |   10.0.2.0  | 0.0.0.0  |  255.255.255.0  |   enp0s3  |   U   |
[    9.259571] cloud-init[665]: ci-info: |   2   |   10.0.2.2  | 0.0.0.0  | 255.255.255.255 |   enp0s3  |   UH  |
[    9.260442] cloud-init[665]: ci-info: +-------+-------------+----------+-----------------+-----------+-------+
[    9.261282] cloud-init[665]: ci-info: +++++++++++++++++++Route IPv6 info+++++++++++++++++++
[    9.262014] cloud-init[665]: ci-info: +-------+-------------+---------+-----------+-------+
[    9.262745] cloud-init[665]: ci-info: | Route | Destination | Gateway | Interface | Flags |
[    9.263471] cloud-init[665]: ci-info: +-------+-------------+---------+-----------+-------+
[    9.264194] cloud-init[665]: ci-info: |   1   |  fe80::/64  |    ::   |   enp0s3  |   U   |
[    9.264916] cloud-init[665]: ci-info: |   3   |    local    |    ::   |   enp0s3  |   U   |
[    9.265640] cloud-init[665]: ci-info: |   4   |   ff00::/8  |    ::   |   enp0s3  |   U   |
[    9.266373] cloud-init[665]: ci-info: +-------+-------------+---------+-----------+-------+
[   10.232733] cloud-init[665]: Generating public/private rsa key pair.
[   10.233287] cloud-init[665]: Your identification has been saved in /etc/ssh/ssh_host_rsa_key.
[   10.234268] cloud-init[665]: Your public key has been saved in /etc/ssh/ssh_host_rsa_key.pub.
[   10.235242] cloud-init[665]: The key fingerprint is:
[   10.235898] cloud-init[665]: SHA256:6SjefxaZAT/tKvtA9HNGxa7h2JbaCEOwWeKrEpRz7Rg root@ubuntu-bionic
[   10.236913] cloud-init[665]: The key's randomart image is:
[   10.237555] cloud-init[665]: +---[RSA 2048]----+
[   10.238170] cloud-init[665]: |             ..  |
[   10.238752] cloud-init[665]: |      o o    ..  |
[   10.239400] cloud-init[665]: |   . o *.o ...   |
[   10.239977] cloud-init[665]: |  + E =..o+.o .  |
[   10.240609] cloud-init[665]: | . o + oS oXo+   |
[   10.241231] cloud-init[665]: |  . . o+o =+B    |
[   10.241805] cloud-init[665]: |   .... oo B     |
[   10.242422] cloud-init[665]: |  ...o  ..* .    |
[   10.243205] cloud-init[665]: |   .. ..o*.      |
[   10.243804] cloud-init[665]: +----[SHA256]-----+
[   10.244438] cloud-init[665]: Generating public/private dsa key pair.
[   10.245172] cloud-init[665]: Your identification has been saved in /etc/ssh/ssh_host_dsa_key.
[   10.246060] cloud-init[665]: Your public key has been saved in /etc/ssh/ssh_host_dsa_key.pub.
[   10.247004] cloud-init[665]: The key fingerprint is:
[   10.247651] cloud-init[665]: SHA256:CmsVncc2xsVYz+6lOLCYd/WemCZGNSZCJGtJsORDmuM root@ubuntu-bionic
[   10.248611] cloud-init[665]: The key's randomart image is:
[   10.249150] cloud-init[665]: +---[DSA 1024]----+
[   10.249504] cloud-init[665]: |     +.o.. +o    |
[   10.250100] cloud-init[665]: |    * o.+=...o   |
[   10.250687] cloud-init[665]: |   + +.++ B   o  |
[   10.251297] cloud-init[665]: |  . . o. = o =   |
[   10.251866] cloud-init[665]: |   E. . S o + + .|
[   10.252498] cloud-init[665]: |     + . o + + + |
[   10.253112] cloud-init[665]: |    o . o + + o .|
[   10.253711] cloud-init[665]: |   .     . + oo..|
[   10.254328] cloud-init[665]: |          . oo ..|
[   10.254872] cloud-init[665]: +----[SHA256]-----+
[   10.255467] cloud-init[665]: Generating public/private ecdsa key pair.
[   10.256284] cloud-init[665]: Your identification has been saved in /etc/ssh/ssh_host_ecdsa_key.
[   10.257197] cloud-init[665]: Your public key has been saved in /etc/ssh/ssh_host_ecdsa_key.pub.
[   10.258108] cloud-init[665]: The key fingerprint is:
[   10.258723] cloud-init[665]: SHA256:vJ0rPlHl34hv9yR/x8+VLGwoYdqQrGsLlKor+0Adn2o root@ubuntu-bionic
[   10.259740] cloud-init[665]: The key's randomart image is:
[   10.260509] cloud-init[665]: +---[ECDSA 256]---+
[   10.261178] cloud-init[665]: |                 |
[   10.261813] cloud-init[665]: |            .    |
[   10.262450] cloud-init[665]: |   .       o     |
[   10.263094] cloud-init[665]: |  . + o.. . .    |
[   10.263725] cloud-init[665]: | . + o +S+   o o |
[   10.264378] cloud-init[665]: |. o . . *o..+ + o|
[   10.265017] cloud-init[665]: |.. E . ..+o. =.+o|
[   10.265651] cloud-init[665]: |o.. ... o ... +=*|
[   10.266279] cloud-init[665]: |=+. .o...o.  . .X|
[   10.266911] cloud-init[665]: +----[SHA256]-----+
[   10.267544] cloud-init[665]: Generating public/private ed25519 key pair.
[   10.268400] cloud-init[665]: Your identification has been saved in /etc/ssh/ssh_host_ed25519_key.
[   10.269335] cloud-init[665]: Your public key has been saved in /etc/ssh/ssh_host_ed25519_key.pub.
[   10.270298] cloud-init[665]: The key fingerprint is:
[   10.270928] cloud-init[665]: SHA256:nfb9eCyKtpNBxZlzHxGs32IvjE3Smp5t2rf9TisrILU root@ubuntu-bionic
[   10.271853] cloud-init[665]: The key's randomart image is:
[   10.272565] cloud-init[665]: +--[ED25519 256]--+
[   10.273169] cloud-init[665]: |           . o.oo|
[   10.273778] cloud-init[665]: |            * .o |
[   10.274422] cloud-init[665]: |           . o...|
[   10.275056] cloud-init[665]: |         o.. .  .|
[   10.275657] cloud-init[665]: |        S.=  .. .|
[   10.276273] cloud-init[665]: |       . E....=..|
[   10.276866] cloud-init[665]: |        . .o.X.+.|
[   10.277472] [[0;32m  OK  [0m] Started Initial cloud-init job (metadata service crawler).
[[0;32m  OK  [0m] Reached target Cloud-config availability.
[[0;32m  OK  [0m] Reached target Network is Online.
cloud-init[665]: |          +o+=*+B|         Starting Availability of block devices...
[[0;32m  OK  [0m] Reached target Remote File Systems (Pre).
[[0;32m  OK  [0m] Reached target Remote File Systems.
[[0;32m  OK  [0m] Reached target System Initialization.
[[0;32m  OK  [0m] Started Message of the Day.
[[0;32m  OK  [0m
[   10.286309] cloud-init[665]: |         .o+*=*OB|
[   10.286937] cloud-init[665]: +----[SHA256]-----+
] Listening on ACPID Listen Socket.
[[0;32m  OK  [0m] Started Daily apt download activities.
         Starting LXD - unix socket.
[[0;32m  OK  [0m] Started Daily apt upgrade and clean activities.
[[0;32m  OK  [0m] Started Discard unused blocks once a week.
[[0;32m  OK  [0m] Started ACPI Events Check.
[[0;32m  OK  [0m] Listening on UUID daemon activation socket.
         Starting Socket activation for snappy daemon.
[[0;32m  OK  [0m] Listening on Open-iSCSI iscsid Socket.
[[0;32m  OK  [0m] Listening on D-Bus System Message Bus Socket.
[[0;32m  OK  [0m] Reached target Paths.
[[0;32m  OK  [0m] Started Daily Cleanup of Temporary Directories.
[[0;32m  OK  [0m] Reached target Timers.
[[0;32m  OK  [0m] Started Availability of block devices.
[[0;32m  OK  [0m] Listening on LXD - unix socket.
[[0;32m  OK  [0m] Listening on Socket activation for snappy daemon.
[[0;32m  OK  [0m] Reached target Sockets.
[[0;32m  OK  [0m] Reached target Basic System.
         Starting LSB: Record successful boot for GRUB...
         Starting Virtualbox guest utils...
[[0;32m  OK  [0m] Started FUSE filesystem for LXC.
         Starting Login Service...
         Starting Dispatcher daemon for systemd-networkd...
         Starting LSB: automatic crash report generation...
[[0;32m  OK  [0m] Started irqbalance daemon.
         Starting Accounts Service...
         Starting Pollinate to seed the pseudo random number generator...
[[0;32m  OK  [0m] Started Regular background program processing daemon.
         Starting System Logging Service...
         Starting Snappy daemon...
[[0;32m  OK  [0m] Started Deferred execution scheduler.
[[0;32m  OK  [0m] Started D-Bus System Message Bus.
         Starting Permit User Sessions...
         Starting LXD - container startup/shutdown...
[[0;32m  OK  [0m] Started Login Service.
[[0;32m  OK  [0m] Started Unattended Upgrades Shutdown.
[[0;32m  OK  [0m] Started System Logging Service.
[[0;32m  OK  [0m] Started Permit User Sessions.
         Starting Hold until boot process finishes up...
         Starting Terminate Plymouth Boot Screen...
         Starting Authorization Manager...
[[0;32m  OK  [0m] Started Hold until boot process finishes up.
         Starting Set console scheme...
[[0;32m  OK  [0m] Started Serial Getty on ttyS0.
[[0;32m  OK  [0m] Started Terminate Plymouth Boot Screen.
[[0;32m  OK  [0m] Started Set console scheme.
[[0;32m  OK  [0m] Started LSB: automatic crash report generation.
[[0;32m  OK  [0m] Created slice system-getty.slice.
[[0;32m  OK  [0m] Started Getty on tty1.
[[0;32m  OK  [0m] Reached target Login Prompts.
[[0;32m  OK  [0m] Started LSB: Record successful boot for GRUB.
[[0;32m  OK  [0m] Started Authorization Manager.
[[0;32m  OK  [0m] Started Accounts Service.
[[0;32m  OK  [0m] Started Virtualbox guest utils.
[[0;32m  OK  [0m] Started LXD - container startup/shutdown.
[[0;32m  OK  [0m] Started Dispatcher daemon for systemd-networkd.
[[0;32m  OK  [0m] Started Snappy daemon.
         Starting Wait until snapd is fully seeded...
[[0;32m  OK  [0m] Started Pollinate to seed the pseudo random number generator.
         Starting OpenBSD Secure Shell server...
[[0;32m  OK  [0m] Started OpenBSD Secure Shell server.
[[0;32m  OK  [0m] Created slice User Slice of vagrant.
         Starting User Manager for UID 1000...
[[0;32m  OK  [0m] Started Session 1 of user vagrant.
[[0;32m  OK  [0m] Started User Manager for UID 1000.
[[0;32m  OK  [0m] Started Wait until snapd is fully seeded.
         Starting Apply the settings specified in cloud-config...
[[0;32m  OK  [0m] Reached target Multi-User System.
[[0;32m  OK  [0m] Reached target Graphical Interface.
         Starting Update UTMP about System Runlevel Changes...
[[0;32m  OK  [0m] Started Update UTMP about System Runlevel Changes.
[   13.955287] cloud-init[1293]: Cloud-init v. 19.4-33-gbb4131a2-0ubuntu1~18.04.1 running 'modules:config' at Tue, 07 Jul 2020 15:42:42 +0000. Up 13.63 seconds.
[[0;32m  OK  [0m] Started Apply the settings specified in cloud-config.
         Starting Execute cloud user/final scripts...
ci-info: no authorized SSH keys fingerprints found for user ubuntu.
<14>Jul  7 15:42:43 ec2: 
<14>Jul  7 15:42:43 ec2: #############################################################
<14>Jul  7 15:42:43 ec2: -----BEGIN SSH HOST KEY FINGERPRINTS-----
<14>Jul  7 15:42:43 ec2: 1024 SHA256:CmsVncc2xsVYz+6lOLCYd/WemCZGNSZCJGtJsORDmuM root@ubuntu-bionic (DSA)
<14>Jul  7 15:42:43 ec2: 256 SHA256:vJ0rPlHl34hv9yR/x8+VLGwoYdqQrGsLlKor+0Adn2o root@ubuntu-bionic (ECDSA)
<14>Jul  7 15:42:43 ec2: 256 SHA256:nfb9eCyKtpNBxZlzHxGs32IvjE3Smp5t2rf9TisrILU root@ubuntu-bionic (ED25519)
<14>Jul  7 15:42:43 ec2: 2048 SHA256:6SjefxaZAT/tKvtA9HNGxa7h2JbaCEOwWeKrEpRz7Rg root@ubuntu-bionic (RSA)
<14>Jul  7 15:42:43 ec2: -----END SSH HOST KEY FINGERPRINTS-----
<14>Jul  7 15:42:43 ec2: #############################################################
-----BEGIN SSH HOST KEY KEYS-----
ecdsa-sha2-nistp256 AAAAE2VjZHNhLXNoYTItbmlzdHAyNTYAAAAIbmlzdHAyNTYAAABBBBQShbLgsr+lal63slXs2zNvncvK+hQFTOiKg01p/E4F32Za9wReWoWoMNT1mRmV6mHvlL4EtrMydAviV87qdOw= root@ubuntu-bionic
ssh-ed25519 AAAAC3NzaC1lZDI1NTE5AAAAID3IMRnJ//z1xwFaOZPotumo2tKrHK+vAnrgqQtRko0Y root@ubuntu-bionic
ssh-rsa AAAAB3NzaC1yc2EAAAADAQABAAABAQDBPPBnk863qFUGdNym+DC15ZSFPS8v4z6/26bsvpLPn6lYmdOwQXE4tg7TiTfeBulZQ13YM4ukbl+PxICQ7GLJ+MY1dfXNUgDGLOMifXr2miSc4LkcrCoCKkji9iiDuSin+FJwfGZnjqYIN0AzyDMkvsg7Q0jg3PcjpGdubprBMvFnOglC1vOZWFRUTcbJAuJWzkzdU240iIGIVQiKT+ijSzhdOqS+F0cMohF74cY/1siThgjcsv9eXI+jdnjKMEfMrBbpn8ShgoKdnYjcz3XuK6N+/ZaHtPgGSduMfZh1rh/hnGzBBMmRD1gZx+w5I3WdHflSjAgGzV7cDwHmpiCB root@ubuntu-bionic
-----END SSH HOST KEY KEYS-----
[   14.360117] cloud-init[1384]: Cloud-init v. 19.4-33-gbb4131a2-0ubuntu1~18.04.1 running 'modules:final' at Tue, 07 Jul 2020 15:42:43 +0000. Up 14.25 seconds.
[   14.361101] cloud-init[1384]: ci-info: no authorized SSH keys fingerprints found for user ubuntu.
[   14.361752] cloud-init[1384]: Cloud-init v. 19.4-33-gbb4131a2-0ubuntu1~18.04.1 finished at Tue, 07 Jul 2020 15:42:43 +0000. Datasource DataSourceNoCloud [seed=/dev/sdb][dsmode=net].  Up 14.35 seconds
[[0;32m  OK  [0m] Started Execute cloud user/final scripts.
[[0;32m  OK  [0m] Reached target Cloud-init target.

Ubuntu 18.04.4 LTS ubuntu-bionic ttyS0

ubuntu-bionic login: 